Oct 06 21:56:22 raspberrypi python3[795]: 2026-10-06 21:56:22,301 [INFO] (Hudiy) SafePublisher bound to ipc:///run/rnse_control/hudiy_stream.ipc
Oct 06 21:56:22 raspberrypi python3[795]: 2026-10-06 21:56:22,301 [INFO] (Hudiy) Loaded cover art processing overrides: {'contrast': 1.9, 'sharpen': 1.5, 'dither': 'fs', 'invert': False, 'no_enhance': False, 'bg_fill': 'black', 'grayscale_mode': 'smart', 'brightness': 1, 'gamma': 2.2, 'black_floor': 45, 'boldness': 0, 'diffusion': 0.85}
Oct 06 21:56:22 raspberrypi python3[795]: 2026-10-06 21:56:22,301 [INFO] (Hudiy) ConnectionManager Config Loaded: enabled=True, door_window=15.0s, manage_bt=True, manage_aa=True
Oct 06 21:56:22 raspberrypi python3[795]: 2026-10-06 21:56:22,301 [INFO] (Hudiy) THREADING Hudiy Data ACTIVE!
Oct 06 21:56:22 raspberrypi python3[795]: 2026-10-06 21:56:22,302 [INFO] (Hudiy) ConnectionManager: ZMQ subscriber connected to ipc:///run/rnse_control/base_events.ipc
Oct 06 21:56:22 raspberrypi python3[795]: 2026-10-06 21:56:22,302 [INFO] (Hudiy) ConnectionManager started.
Oct 06 21:56:22 raspberrypi python3[795]: 2026-10-06 21:56:22,302 [WARNING] (Hudiy) DATA Thread connection lost: [Errno 111] Connection refused
Oct 06 21:56:22 raspberrypi python3[795]: 2026-10-06 21:56:22,303 [INFO] (Hudiy) DATA Thread reconnecting in 5s...
Oct 06 21:56:22 raspberrypi python3[795]: 2026-10-06 21:56:22,303 [INFO] (Hudiy) TP2 Status Subscriber connected to ipc:///run/rnse_control/tp2_stream.ipc
Oct 06 21:56:22 raspberrypi python3[795]: 2026-10-06 21:56:22,303 [ERROR] (Hudiy) TP2 Bridge Thread: [Errno 111] Connection refused
Oct 06 21:56:22 raspberrypi python3[795]: 2026-10-06 21:56:22,303 [INFO] (Hudiy) TP2 Bridge Reconnecting in 5s...
Oct 06 21:56:22 raspberrypi python3[795]: 2026-10-06 21:56:22,316 [INFO] (Hudiy) ConnectionManager: Initial sync — Ignition/Radio ON. Setting ACTIVE_CONNECTED.
Oct 06 21:56:22 raspberrypi python3[795]: 2026-10-06 21:56:22,316 [INFO] (Hudiy) ConnectionManager: Enabling connections (Trigger: Initial Startup (Ignition/Radio ON))
Oct 06 21:56:22 raspberrypi python3[795]: 2026-10-06 21:56:22,316 [INFO] (Hudiy) BluetoothController: Setting Bluetooth power ON...
Oct 06 21:56:22 raspberrypi python3[795]: 2026-10-06 21:56:22,332 [INFO] (Hudiy) BluetoothController: Bluetooth powered ON successfully.
Oct 06 21:56:27 raspberrypi python3[795]: 2026-10-06 21:56:27,303 [INFO] (Hudiy) ConnectionManager: Hudiy API client registered.
Oct 06 21:56:27 raspberrypi python3[795]: 2026-10-06 21:56:27,304 [INFO] (Hudiy) DATA Thread ACTIVE — subscriptions requested
Oct 06 21:56:27 raspberrypi python3[795]: 2026-10-06 21:56:27,304 [INFO] (Hudiy) Client 'DATA' Connected - API v1.2
Oct 06 21:56:27 raspberrypi python3[795]: 2026-10-06 21:56:27,304 [INFO] (Hudiy) TP2_BRIDGE Thread ACTIVE
Oct 06 21:56:27 raspberrypi python3[795]: 2026-10-06 21:56:27,304 [INFO] (Hudiy) Client 'DATA': Subscribed to PROJECTION + MEDIA + NAVIGATION + PHONE
Oct 06 21:56:27 raspberrypi python3[795]: 2026-10-06 21:56:27,305 [INFO] (Hudiy) TP2 Bridge: Connected to ZMQ REQ ipc:///run/rnse_control/tp2_cmd.ipc
Oct 06 21:56:27 raspberrypi python3[795]: 2026-10-06 21:56:27,305 [INFO] (Hudiy) NAV STATUS CHANGED: Inactive -> Inactive (Source: None, Raw: 0)
Oct 06 21:56:27 raspberrypi python3[795]: 2026-10-06 21:56:27,305 [INFO] (Hudiy) TP2 Bridge Connected to Hudiy: v1.2
Oct 06 21:56:27 raspberrypi python3[795]: 2026-10-06 21:56:27,305 [INFO] (Hudiy) Navigation Inactive: Clearing maneuver metadata.
Oct 06 21:56:27 raspberrypi python3[795]: 2026-10-06 21:56:27,306 [INFO] (Hudiy) Action 'toggle_diagnostics' Registered: True
Oct 06 21:56:27 raspberrypi python3[795]: 2026-10-06 21:56:27,306 [INFO] (Hudiy) Action 'toggle_flashing_mode' Registered: True
Oct 06 21:56:27 raspberrypi python3[795]: 2026-10-06 21:56:27,306 [INFO] (Hudiy) Action 'update_rnse' Registered: True
Oct 06 21:56:27 raspberrypi python3[795]: 2026-10-06 21:56:27,306 [INFO] (Hudiy) Action 'restore_configs' Registered: True
Oct 06 21:56:27 raspberrypi python3[795]: 2026-10-06 21:56:27,348 [INFO] (Hudiy) Action 'reboot_system' Registered: True
Oct 06 21:56:27 raspberrypi python3[795]: 2026-10-06 21:56:27,348 [INFO] (Hudiy) NAV MANEUVER: Unknown (Angle: 0) | Desc: ''
Oct 06 21:56:27 raspberrypi python3[795]: 2026-10-06 21:56:27,348 [INFO] (Hudiy) Action 'shutdown_system' Registered: True
Oct 06 21:56:27 raspberrypi python3[795]: 2026-10-06 21:56:27,348 [INFO] (Hudiy) Action 'check_version' Registered: True
Oct 06 21:56:27 raspberrypi python3[795]: 2026-10-06 21:56:27,348 [INFO] (Hudiy) Action 'save_logs' Registered: True
Oct 06 21:56:27 raspberrypi python3[795]: 2026-10-06 21:56:27,348 [INFO] (Hudiy) Action 'toggle_haldex_mode' Registered: True
Oct 06 21:56:27 raspberrypi python3[795]: 2026-10-06 21:56:27,349 [INFO] (Hudiy) NAV DISTANCE: ''
Oct 06 21:56:27 raspberrypi python3[795]: 2026-10-06 21:56:27,349 [INFO] (Hudiy) Diagnostics Toast Channel Registered. ID: 7
Oct 06 21:56:27 raspberrypi python3[795]: 2026-10-06 21:56:27,349 [INFO] (Hudiy) Notification Channel Registered. ID: 6
Oct 06 21:56:27 raspberrypi python3[795]: 2026-10-06 21:56:27,349 [INFO] (Hudiy) diagnostics Status Icon Registered. ID: 24
Oct 06 21:56:27 raspberrypi python3[795]: 2026-10-06 21:56:27,349 [INFO] (Hudiy) PHONE CONN: DISCONNECTED:
Oct 06 21:56:27 raspberrypi python3[795]: 2026-10-06 21:56:27,350 [INFO] (Hudiy) PHONE CALL: IDLE: Unknown
Oct 06 21:56:27 raspberrypi python3[795]: 2026-10-06 21:56:27,350 [INFO] (Hudiy) Updated Status Icon Visibility: True
Oct 06 21:56:27 raspberrypi python3[795]: 2026-10-06 21:56:27,350 [INFO] (Hudiy) Media Metadata (Paused): - - - [-]
Oct 06 21:56:27 raspberrypi python3[795]: 2026-10-06 21:56:27,350 [INFO] (Hudiy) Track Change detected. Old: 'None' -> New: '-|-|-'
Oct 06 21:56:27 raspberrypi python3[795]: 2026-10-06 21:56:27,351 [INFO] (Hudiy) New track started. Resetting cover art hash.
Oct 06 21:56:27 raspberrypi python3[795]: 2026-10-06 21:56:27,351 [INFO] (Hudiy) No cover art in initial metadata message. Sending Clear UI signal.
Oct 06 21:56:27 raspberrypi python3[795]: 2026-10-06 21:56:27,351 [INFO] (Hudiy) PROJECTION STATUS: Inactive
Oct 06 21:56:27 raspberrypi python3[795]: 2026-10-06 21:56:27,392 [INFO] (Hudiy) flashing Status Icon Registered. ID: 25
Oct 06 21:56:32 raspberrypi python3[795]: 2026-10-06 21:56:32,828 [INFO] (Hudiy) PROJECTION STATUS: Active
Oct 06 21:56:32 raspberrypi python3[795]: 2026-10-06 21:56:32,829 [INFO] (Hudiy) Projection became active — forcing re-subscription for state refresh
Oct 06 21:56:32 raspberrypi python3[795]: 2026-10-06 21:56:32,829 [INFO] (Hudiy) Client 'DATA': Subscribed to PROJECTION + MEDIA + NAVIGATION + PHONE
Oct 06 21:56:32 raspberrypi python3[795]: 2026-10-06 21:56:32,834 [INFO] (Hudiy) Navigation Inactive: Clearing maneuver metadata.
Oct 06 21:56:32 raspberrypi python3[795]: 2026-10-06 21:56:32,876 [INFO] (Hudiy) NAV MANEUVER: Unknown (Angle: 0) | Desc: ''
Oct 06 21:56:32 raspberrypi python3[795]: 2026-10-06 21:56:32,876 [INFO] (Hudiy) NAV DISTANCE: ''
Oct 06 21:56:32 raspberrypi python3[795]: 2026-10-06 21:56:32,877 [INFO] (Hudiy) PHONE CONN: DISCONNECTED:
Oct 06 21:56:32 raspberrypi python3[795]: 2026-10-06 21:56:32,877 [INFO] (Hudiy) PHONE CALL: IDLE: Unknown
Oct 06 21:56:32 raspberrypi python3[795]: 2026-10-06 21:56:32,878 [INFO] (Hudiy) Media Metadata (Paused): - - - [-]
Oct 06 21:56:32 raspberrypi python3[795]: 2026-10-06 21:56:32,878 [INFO] (Hudiy) PROJECTION STATUS: Active
Oct 06 21:56:38 raspberrypi python3[795]: 2026-10-06 21:56:38,995 [INFO] (Hudiy) Media Metadata (Paused): RSK XFM - S03E05 | Remastered [RSK XFM]
Oct 06 21:56:38 raspberrypi python3[795]: 2026-10-06 21:56:38,995 [INFO] (Hudiy) Track Change detected. Old: '-|-|-' -> New: 'RSK XFM|S03E05 | Remastered|RSK XFM'
Oct 06 21:56:38 raspberrypi python3[795]: 2026-10-06 21:56:38,995 [INFO] (Hudiy) New track started. Resetting cover art hash.
Oct 06 21:56:38 raspberrypi python3[795]: 2026-10-06 21:56:38,996 [INFO] (Hudiy) Processing NEW Cover Art (418940 bytes, hash: 4e7be29e7a66a04bb8dbc25a5f7f4365).
Oct 06 21:56:39 raspberrypi python3[795]: 2026-10-06 21:56:39,032 [INFO] (Hudiy) Published Cover Art to DIS | New Track: True
Oct 06 21:56:39 raspberrypi python3[795]: 2026-10-06 21:56:39,131 [INFO] (Hudiy) Media Metadata (Paused): RSK XFM - S03E05 | Remastered [RSK XFM]
Oct 06 21:56:39 raspberrypi python3[795]: 2026-10-06 21:56:39,266 [INFO] (Hudiy) Media Metadata (Paused): RSK XFM - S03E05 | Remastered [RSK XFM]
Oct 06 21:56:39 raspberrypi python3[795]: 2026-10-06 21:56:39,400 [INFO] (Hudiy) Media Metadata (Paused): RSK XFM - S03E05 | Remastered [RSK XFM]
Oct 06 21:56:39 raspberrypi python3[795]: 2026-10-06 21:56:39,402 [INFO] (Hudiy) SOURCE CHANGED: CarPlay (2)
Oct 06 21:57:03 raspberrypi python3[795]: 2026-10-06 21:57:03,147 [INFO] (Hudiy) PROJECTION STATUS: Inactive
Oct 06 21:57:10 raspberrypi python3[795]: 2026-10-06 21:57:10,656 [INFO] (Hudiy) Hudiy Action: Save Logs
Oct 06 21:57:10 raspberrypi python3[795]: 2026-10-06 21:57:10,657 [INFO] (Hudiy) Executing /home/pi/hudiy_client/../rns-e_can/save_logs.py...
Oct 06 21:57:10 raspberrypi python3[1887]: Collecting logs for dis_display.service -> /home/pi/logs/2026-10-06/dis_display_1.log
Oct 06 21:57:10 raspberrypi sudo[1888]:       pi : PWD=/home/pi/hudiy_client ; USER=root ; COMMAND=/usr/bin/journalctl -u dis_display.service --since '3 minutes ago'
Oct 06 21:57:10 raspberrypi sudo[1888]: pam_unix(sudo:session): session opened for user root(uid=0) by (uid=1000)
Oct 06 21:57:10 raspberrypi sudo[1888]: pam_unix(sudo:session): session closed for user root
Oct 06 21:57:10 raspberrypi python3[1887]: Saved dis_display.service logs to /home/pi/logs/2026-10-06/dis_display_1.log
Oct 06 21:57:10 raspberrypi python3[1887]: Collecting logs for hudiy_data_api.service -> /home/pi/logs/2026-10-06/hudiy_data_api_1.log
Oct 06 21:57:10 raspberrypi sudo[1891]:       pi : PWD=/home/pi/hudiy_client ; USER=root ; COMMAND=/usr/bin/journalctl -u hudiy_data_api.service --since '3 minutes ago'
Oct 06 21:57:10 raspberrypi sudo[1891]: pam_unix(sudo:session): session opened for user root(uid=0) by (uid=1000)
